\BOOKMARK [1][-]{section.1}{\376\377\000S\000y\000s\000t\000e\000m\000b\000e\000s\000k\000r\000i\000v\000e\000l\000s\000e}{}% 1
\BOOKMARK [2][-]{subsection.1.1}{\376\377\000F\000o\000r\000m\000\345\000l}{section.1}% 2
\BOOKMARK [2][-]{subsection.1.2}{\376\377\000P\000r\000o\000j\000e\000k\000t\000o\000m\000f\000a\000n\000g}{section.1}% 3
\BOOKMARK [2][-]{subsection.1.3}{\376\377\000K\000o\000m\000p\000o\000n\000e\000n\000t\000e\000r}{section.1}% 4
\BOOKMARK [1][-]{section.2}{\376\377\000K\000r\000a\000v\000s\000p\000e\000c\000i\000f\000i\000k\000a\000t\000i\000o\000n}{}% 5
\BOOKMARK [2][-]{subsection.2.1}{\376\377\000F\000u\000n\000k\000t\000i\000o\000n\000e\000l\000l\000e\000\040\000k\000r\000a\000v}{section.2}% 6
\BOOKMARK [2][-]{subsection.2.2}{\376\377\000I\000k\000k\000e\000-\000f\000u\000n\000k\000t\000i\000o\000n\000e\000l\000l\000e\000\040\000k\000r\000a\000v}{section.2}% 7
\BOOKMARK [1][-]{section.3}{\376\377\000S\000y\000s\000t\000e\000m\000d\000e\000s\000i\000g\000n}{}% 8
\BOOKMARK [2][-]{subsection.3.1}{\376\377\000B\000l\000o\000k\000d\000i\000a\000g\000r\000a\000m}{section.3}% 9
\BOOKMARK [2][-]{subsection.3.2}{\376\377\000D\000B\0001\000\040\040\024\000\040\000d\000a\000t\000a\000b\000l\000o\000k\000-\000s\000t\000r\000u\000k\000t\000u\000r}{section.3}% 10
\BOOKMARK [1][-]{section.4}{\376\377\000M\000o\000d\000u\000l\000d\000e\000s\000i\000g\000n}{}% 11
\BOOKMARK [2][-]{subsection.4.1}{\376\377\000S\000t\000a\000t\000e\000\040\000m\000a\000c\000h\000i\000n\000e\000\040\040\024\000\040\000P\000y\000t\000h\000o\000n\000-\000s\000c\000r\000i\000p\000t}{section.4}% 12
\BOOKMARK [2][-]{subsection.4.2}{\376\377\000F\000l\000o\000w\000c\000h\000a\000r\000t\000\040\040\024\000\040\000P\000y\000t\000h\000o\000n\000-\000h\000o\000v\000e\000d\000l\000\370\000k\000k\000e}{section.4}% 13
\BOOKMARK [1][-]{section.5}{\376\377\000K\000o\000d\000n\000i\000n\000g}{}% 14
\BOOKMARK [1][-]{section.6}{\376\377\000T\000e\000s\000t\000d\000o\000k\000u\000m\000e\000n\000t\000a\000t\000i\000o\000n}{}% 15
\BOOKMARK [2][-]{subsection.6.1}{\376\377\000F\000a\000c\000t\000o\000r\000y\000\040\000A\000c\000c\000e\000p\000t\000a\000n\000c\000e\000\040\000T\000e\000s\000t\000\040\000\050\000F\000A\000T\000\051}{section.6}% 16
\BOOKMARK [3][-]{subsubsection.6.1.1}{\376\377\000P\000e\000r\000f\000o\000r\000m\000a\000n\000c\000e\000-\000k\000o\000n\000t\000r\000o\000l\000\040\000\050\000N\000K\0000\0001\000\051}{subsection.6.1}% 17
\BOOKMARK [2][-]{subsection.6.2}{\376\377\000A\000c\000c\000e\000p\000t\000t\000e\000s\000t\000\040\000\050\000U\000A\000T\000\051}{section.6}% 18
\BOOKMARK [1][-]{section.7}{\376\377\000E\000k\000s\000e\000m\000p\000e\000l\000\040\000p\000\345\000\040\000C\000S\000V\000-\000o\000u\000t\000p\000u\000t}{}% 19
\BOOKMARK [1][-]{section.8}{\376\377\000O\000p\000s\000u\000m\000m\000e\000r\000i\000n\000g\000\040\040\024\000\040\000p\000r\000o\000c\000e\000s\000s\000e\000n\000\040\000k\000o\000r\000t}{}% 20
